127.0.0.1 - - [02/Jun/2020:08:16:39 +0800] "GET / HTTP/1.1" 404 807
0:0:0:0:0:0:0:1 - - [02/Jun/2020:08:16:40 +0800] "GET /blog/index.jsp HTTP/1.1" 302 -
0:0:0:0:0:0:0:1 - - [02/Jun/2020:08:16:40 +0800] "GET /blog/board?cmd=home HTTP/1.1" 200 2856
0:0:0:0:0:0:0:1 - - [02/Jun/2020:08:16:40 +0800] "GET /favicon.ico HTTP/1.1" 404 818
0:0:0:0:0:0:0:1 - - [02/Jun/2020:08:16:49 +0800] "GET /blog/user?cmd=join HTTP/1.1" 500 3175
127.0.0.1 - - [02/Jun/2020:08:40:47 +0800] "GET / HTTP/1.1" 404 807
0:0:0:0:0:0:0:1 - - [02/Jun/2020:08:40:48 +0800] "GET /blog/test/Sample.jsp HTTP/1.1" 200 6027
0:0:0:0:0:0:0:1 - - [02/Jun/2020:08:40:49 +0800] "GET /blog/test/test/jusoPopup.jsp HTTP/1.1" 404 823
127.0.0.1 - - [02/Jun/2020:08:41:07 +0800] "GET / HTTP/1.1" 404 807
0:0:0:0:0:0:0:1 - - [02/Jun/2020:08:41:09 +0800] "GET /blog/test/Sample.jsp HTTP/1.1" 200 6022
0:0:0:0:0:0:0:1 - - [02/Jun/2020:08:41:10 +0800] "GET /blog/test/jusoPopup.jsp HTTP/1.1" 200 2176
127.0.0.1 - - [02/Jun/2020:08:41:56 +0800] "GET / HTTP/1.1" 404 807
0:0:0:0:0:0:0:1 - - [02/Jun/2020:08:41:57 +0800] "GET /blog/test/Sample.jsp HTTP/1.1" 200 6033
0:0:0:0:0:0:0:1 - - [02/Jun/2020:08:41:58 +0800] "GET /blog/test/jusoPopup.jsp HTTP/1.1" 200 2176
127.0.0.1 - - [02/Jun/2020:08:43:25 +0800] "GET / HTTP/1.1" 404 807
0:0:0:0:0:0:0:1 - - [02/Jun/2020:08:43:25 +0800] "GET /blog/test/jusoPopup.jsp HTTP/1.1" 200 2176
127.0.0.1 - - [02/Jun/2020:08:51:01 +0800] "GET / HTTP/1.1" 404 807
0:0:0:0:0:0:0:1 - - [02/Jun/2020:08:51:02 +0800] "GET /blog/test/jusoPopup.jsp HTTP/1.1" 200 2272
127.0.0.1 - - [02/Jun/2020:09:03:27 +0800] "GET / HTTP/1.1" 404 807
0:0:0:0:0:0:0:1 - - [02/Jun/2020:09:03:27 +0800] "GET /blog/user/join.jsp HTTP/1.1" 200 3175
0:0:0:0:0:0:0:1 - - [02/Jun/2020:09:04:26 +0800] "GET /blog/user/join.jsp HTTP/1.1" 200 3175
127.0.0.1 - - [02/Jun/2020:09:04:34 +0800] "GET / HTTP/1.1" 404 807
0:0:0:0:0:0:0:1 - - [02/Jun/2020:09:04:36 +0800] "GET /blog/user/join.jsp HTTP/1.1" 200 3215
0:0:0:0:0:0:0:1 - - [02/Jun/2020:09:04:52 +0800] "GET /blog/user/join.jsp HTTP/1.1" 200 3215
0:0:0:0:0:0:0:1 - - [02/Jun/2020:09:04:55 +0800] "GET /blog/user/join.jsp HTTP/1.1" 200 3215
0:0:0:0:0:0:0:1 - - [02/Jun/2020:09:05:22 +0800] "GET /blog/user/join.jsp HTTP/1.1" 200 3236
127.0.0.1 - - [02/Jun/2020:09:05:52 +0800] "GET / HTTP/1.1" 404 807
0:0:0:0:0:0:0:1 - - [02/Jun/2020:09:05:52 +0800] "GET /blog/test/Sample.jsp HTTP/1.1" 200 6033
127.0.0.1 - - [02/Jun/2020:09:08:43 +0800] "GET / HTTP/1.1" 404 807
0:0:0:0:0:0:0:1 - - [02/Jun/2020:09:08:45 +0800] "GET /blog/user/join.jsp HTTP/1.1" 200 3352
127.0.0.1 - - [02/Jun/2020:09:10:04 +0800] "GET / HTTP/1.1" 404 807
0:0:0:0:0:0:0:1 - - [02/Jun/2020:09:10:06 +0800] "GET /blog/user/join.jsp HTTP/1.1" 200 3356
0:0:0:0:0:0:0:1 - - [02/Jun/2020:09:10:07 +0800] "GET /blog/user/jusoPopup.jsp HTTP/1.1" 404 814
127.0.0.1 - - [02/Jun/2020:09:10:43 +0800] "GET / HTTP/1.1" 404 807
0:0:0:0:0:0:0:1 - - [02/Jun/2020:09:10:45 +0800] "GET /blog/user/join.jsp HTTP/1.1" 200 3357
0:0:0:0:0:0:0:1 - - [02/Jun/2020:09:10:46 +0800] "GET /blog/user/jusoPopup.jsp HTTP/1.1" 404 814
127.0.0.1 - - [02/Jun/2020:09:11:14 +0800] "GET / HTTP/1.1" 404 807
0:0:0:0:0:0:0:1 - - [02/Jun/2020:09:11:15 +0800] "GET /blog/user/join.jsp HTTP/1.1" 200 3366
0:0:0:0:0:0:0:1 - - [02/Jun/2020:09:11:16 +0800] "GET /blog/test/jusoPopup.jsp HTTP/1.1" 200 2272
0:0:0:0:0:0:0:1 - - [02/Jun/2020:09:11:21 +0800] "GET /blog/test/jusoPopup.jsp HTTP/1.1" 200 2272
0:0:0:0:0:0:0:1 - - [02/Jun/2020:09:11:27 +0800] "GET /blog/test/jusoPopup.jsp HTTP/1.1" 200 2272
127.0.0.1 - - [02/Jun/2020:09:12:11 +0800] "GET / HTTP/1.1" 404 807
0:0:0:0:0:0:0:1 - - [02/Jun/2020:09:12:12 +0800] "GET /blog/user/join.jsp HTTP/1.1" 200 3364
0:0:0:0:0:0:0:1 - - [02/Jun/2020:09:12:14 +0800] "GET /blog/test/Sample.jsp HTTP/1.1" 200 6033
0:0:0:0:0:0:0:1 - - [02/Jun/2020:09:12:15 +0800] "GET /blog/test/jusoPopup.jsp HTTP/1.1" 200 2272
0:0:0:0:0:0:0:1 - - [02/Jun/2020:09:12:25 +0800] "GET /blog/test/jusoPopup.jsp HTTP/1.1" 200 2272
0:0:0:0:0:0:0:1 - - [02/Jun/2020:09:12:41 +0800] "POST /blog/test/jusoPopup.jsp HTTP/1.1" 200 2497
0:0:0:0:0:0:0:1 - - [02/Jun/2020:09:13:32 +0800] "GET /blog/test/jusoPopup.jsp HTTP/1.1" 200 2272
0:0:0:0:0:0:0:1 - - [02/Jun/2020:09:13:36 +0800] "GET /blog/test/jusoPopup.jsp HTTP/1.1" 200 2272
0:0:0:0:0:0:0:1 - - [02/Jun/2020:09:13:48 +0800] "POST /blog/test/jusoPopup.jsp HTTP/1.1" 200 2662
127.0.0.1 - - [02/Jun/2020:09:15:37 +0800] "GET / HTTP/1.1" 404 807
0:0:0:0:0:0:0:1 - - [02/Jun/2020:09:15:39 +0800] "GET /blog/test/Sample.jsp HTTP/1.1" 200 6067
0:0:0:0:0:0:0:1 - - [02/Jun/2020:09:15:49 +0800] "GET /blog/test/Sample.jsp HTTP/1.1" 200 6085
0:0:0:0:0:0:0:1 - - [02/Jun/2020:09:15:52 +0800] "GET /blog/test/Sample.jsp HTTP/1.1" 200 6085
127.0.0.1 - - [02/Jun/2020:09:16:31 +0800] "GET / HTTP/1.1" 404 807
0:0:0:0:0:0:0:1 - - [02/Jun/2020:09:16:31 +0800] "GET /blog/index.jsp HTTP/1.1" 302 -
0:0:0:0:0:0:0:1 - - [02/Jun/2020:09:16:31 +0800] "GET /blog/board?cmd=home HTTP/1.1" 200 2856
0:0:0:0:0:0:0:1 - - [02/Jun/2020:09:16:34 +0800] "GET /blog/user?cmd=join HTTP/1.1" 500 3364
0:0:0:0:0:0:0:1 - - [02/Jun/2020:09:16:36 +0800] "GET /blog/test/Sample.jsp HTTP/1.1" 200 6085
0:0:0:0:0:0:0:1 - - [02/Jun/2020:09:16:51 +0800] "GET /blog/test/Sample.jsp HTTP/1.1" 200 6085
0:0:0:0:0:0:0:1 - - [02/Jun/2020:09:16:52 +0800] "GET /blog/test/jusoPopup.jsp HTTP/1.1" 200 2272
0:0:0:0:0:0:0:1 - - [02/Jun/2020:09:17:01 +0800] "GET /blog/test/Sample.jsp HTTP/1.1" 200 6085
0:0:0:0:0:0:0:1 - - [02/Jun/2020:09:17:03 +0800] "GET /blog/test/jusoPopup.jsp HTTP/1.1" 200 2272
127.0.0.1 - - [02/Jun/2020:09:18:02 +0800] "GET / HTTP/1.1" 404 807
0:0:0:0:0:0:0:1 - - [02/Jun/2020:09:18:04 +0800] "GET /blog/user/join.jsp HTTP/1.1" 200 3367
0:0:0:0:0:0:0:1 - - [02/Jun/2020:09:18:05 +0800] "GET /blog/test/juspPopup.jsp HTTP/1.1" 404 814
127.0.0.1 - - [02/Jun/2020:09:18:17 +0800] "GET / HTTP/1.1" 404 807
0:0:0:0:0:0:0:1 - - [02/Jun/2020:09:18:19 +0800] "GET /blog/user/join.jsp HTTP/1.1" 200 3367
0:0:0:0:0:0:0:1 - - [02/Jun/2020:09:18:21 +0800] "GET /blog/test/jusoPopup.jsp HTTP/1.1" 200 2272
0:0:0:0:0:0:0:1 - - [02/Jun/2020:09:19:09 +0800] "GET /blog/test/jusoPopup.jsp HTTP/1.1" 200 2272
0:0:0:0:0:0:0:1 - - [02/Jun/2020:09:20:32 +0800] "POST /blog/test/jusoPopup.jsp HTTP/1.1" 200 2491
0:0:0:0:0:0:0:1 - - [02/Jun/2020:09:20:35 +0800] "GET /blog/test/jusoPopup.jsp HTTP/1.1" 200 2272
0:0:0:0:0:0:0:1 - - [02/Jun/2020:09:21:18 +0800] "POST /blog/test/jusoPopup.jsp HTTP/1.1" 200 2477
127.0.0.1 - - [02/Jun/2020:09:23:18 +0800] "GET / HTTP/1.1" 404 807
0:0:0:0:0:0:0:1 - - [02/Jun/2020:09:23:20 +0800] "GET /blog/test/jusoPopup.jsp HTTP/1.1" 200 2297
0:0:0:0:0:0:0:1 - - [02/Jun/2020:09:23:20 +0800] "GET /blog/test/join/address HTTP/1.1" 404 841
127.0.0.1 - - [02/Jun/2020:09:23:57 +0800] "GET / HTTP/1.1" 404 807
0:0:0:0:0:0:0:1 - - [02/Jun/2020:09:23:58 +0800] "GET /blog/test/jusoPopup.jsp HTTP/1.1" 200 2301
0:0:0:0:0:0:0:1 - - [02/Jun/2020:09:23:58 +0800] "GET /blog/test/join.jsp/address HTTP/1.1" 404 845
127.0.0.1 - - [02/Jun/2020:09:24:20 +0800] "GET / HTTP/1.1" 404 807
0:0:0:0:0:0:0:1 - - [02/Jun/2020:09:24:22 +0800] "GET /blog/test/jusoPopup.jsp HTTP/1.1" 200 2293
0:0:0:0:0:0:0:1 - - [02/Jun/2020:09:24:22 +0800] "GET /blog/test/join.jsp HTTP/1.1" 404 809
127.0.0.1 - - [02/Jun/2020:09:25:52 +0800] "GET / HTTP/1.1" 404 807
0:0:0:0:0:0:0:1 - - [02/Jun/2020:09:25:53 +0800] "GET /blog/test/jusoPopup.jsp HTTP/1.1" 200 2272
0:0:0:0:0:0:0:1 - - [02/Jun/2020:09:26:01 +0800] "POST /blog/test/jusoPopup.jsp HTTP/1.1" 200 2491
127.0.0.1 - - [02/Jun/2020:09:26:15 +0800] "GET / HTTP/1.1" 404 807
0:0:0:0:0:0:0:1 - - [02/Jun/2020:09:26:15 +0800] "GET /blog/user/join.jsp HTTP/1.1" 200 3367
0:0:0:0:0:0:0:1 - - [02/Jun/2020:09:26:17 +0800] "GET /blog/test/jusoPopup.jsp HTTP/1.1" 200 2272
0:0:0:0:0:0:0:1 - - [02/Jun/2020:09:26:22 +0800] "POST /blog/test/jusoPopup.jsp HTTP/1.1" 200 2491
127.0.0.1 - - [02/Jun/2020:09:27:22 +0800] "GET / HTTP/1.1" 404 807
0:0:0:0:0:0:0:1 - - [02/Jun/2020:09:27:24 +0800] "GET /blog/test/jusoPopup.jsp HTTP/1.1" 200 2247
0:0:0:0:0:0:0:1 - - [02/Jun/2020:09:27:25 +0800] "GET /favicon.ico HTTP/1.1" 404 818
0:0:0:0:0:0:0:1 - - [02/Jun/2020:09:27:34 +0800] "GET /blog/test/jusoPopup.jsp HTTP/1.1" 200 2255
0:0:0:0:0:0:0:1 - - [02/Jun/2020:09:27:34 +0800] "GET /favicon.ico HTTP/1.1" 404 818
0:0:0:0:0:0:0:1 - - [02/Jun/2020:09:27:45 +0800] "POST /blog/test/jusoPopup.jsp HTTP/1.1" 200 2555
127.0.0.1 - - [02/Jun/2020:09:28:10 +0800] "GET / HTTP/1.1" 404 807
0:0:0:0:0:0:0:1 - - [02/Jun/2020:09:28:12 +0800] "GET /blog/test/Sample.jsp HTTP/1.1" 200 6085
0:0:0:0:0:0:0:1 - - [02/Jun/2020:09:28:12 +0800] "GET /favicon.ico HTTP/1.1" 404 818
0:0:0:0:0:0:0:1 - - [02/Jun/2020:09:28:14 +0800] "GET /blog/test/jusoPopup.jsp HTTP/1.1" 200 2272
127.0.0.1 - - [02/Jun/2020:09:29:02 +0800] "GET / HTTP/1.1" 404 807
0:0:0:0:0:0:0:1 - - [02/Jun/2020:09:29:03 +0800] "GET /blog/user/join.jsp HTTP/1.1" 200 3388
0:0:0:0:0:0:0:1 - - [02/Jun/2020:09:29:06 +0800] "GET /blog/test/jusoPopup.jsp%20width=570,height=420 HTTP/1.1" 404 861
0:0:0:0:0:0:0:1 - - [02/Jun/2020:09:29:25 +0800] "GET /blog/user/join.jsp HTTP/1.1" 200 3390
0:0:0:0:0:0:0:1 - - [02/Jun/2020:09:29:27 +0800] "GET /blog/test/jusoPopup.jsp HTTP/1.1" 200 2272
127.0.0.1 - - [02/Jun/2020:09:30:11 +0800] "GET / HTTP/1.1" 404 807
0:0:0:0:0:0:0:1 - - [02/Jun/2020:09:30:12 +0800] "GET /blog/user/join.jsp HTTP/1.1" 200 3390
0:0:0:0:0:0:0:1 - - [02/Jun/2020:09:30:14 +0800] "GET /blog/test/jusoPopup.jsp HTTP/1.1" 200 2272
127.0.0.1 - - [02/Jun/2020:09:32:22 +0800] "GET / HTTP/1.1" 404 807
0:0:0:0:0:0:0:1 - - [02/Jun/2020:09:32:24 +0800] "GET /blog/user/join.jsp HTTP/1.1" 200 3389
127.0.0.1 - - [02/Jun/2020:09:33:02 +0800] "GET / HTTP/1.1" 404 807
0:0:0:0:0:0:0:1 - - [02/Jun/2020:09:33:03 +0800] "GET /blog/user/join.jsp HTTP/1.1" 200 3390
0:0:0:0:0:0:0:1 - - [02/Jun/2020:09:33:05 +0800] "GET /blog/test/jusoPopup.jsp HTTP/1.1" 200 2272
127.0.0.1 - - [02/Jun/2020:09:35:18 +0800] "GET / HTTP/1.1" 404 807
0:0:0:0:0:0:0:1 - - [02/Jun/2020:09:35:19 +0800] "GET /blog/test/jusoPopup.jsp HTTP/1.1" 200 2272
127.0.0.1 - - [02/Jun/2020:09:40:07 +0800] "GET / HTTP/1.1" 404 807
0:0:0:0:0:0:0:1 - - [02/Jun/2020:09:40:08 +0800] "GET /blog/user/join.jsp HTTP/1.1" 200 3616
0:0:0:0:0:0:0:1 - - [02/Jun/2020:09:40:10 +0800] "GET /blog/test/jusoPopup.jsp HTTP/1.1" 200 2283
0:0:0:0:0:0:0:1 - - [02/Jun/2020:09:40:15 +0800] "POST /blog/test/jusoPopup.jsp HTTP/1.1" 200 2494
0:0:0:0:0:0:0:1 - - [02/Jun/2020:09:40:17 +0800] "GET /blog/user/join.jsp HTTP/1.1" 200 3616
127.0.0.1 - - [02/Jun/2020:09:42:05 +0800] "GET / HTTP/1.1" 404 807
0:0:0:0:0:0:0:1 - - [02/Jun/2020:09:42:06 +0800] "GET /blog/user/join.jsp HTTP/1.1" 200 3616
0:0:0:0:0:0:0:1 - - [02/Jun/2020:09:42:07 +0800] "GET /blog/test/jusoPopup.jsp HTTP/1.1" 200 2283
0:0:0:0:0:0:0:1 - - [02/Jun/2020:09:42:14 +0800] "POST /blog/test/jusoPopup.jsp HTTP/1.1" 200 2502
127.0.0.1 - - [02/Jun/2020:09:43:27 +0800] "GET / HTTP/1.1" 404 807
0:0:0:0:0:0:0:1 - - [02/Jun/2020:09:43:28 +0800] "GET /blog/user/join.jsp HTTP/1.1" 200 3615
127.0.0.1 - - [02/Jun/2020:09:43:40 +0800] "GET / HTTP/1.1" 404 807
0:0:0:0:0:0:0:1 - - [02/Jun/2020:09:43:41 +0800] "GET /blog/user/join.jsp HTTP/1.1" 200 3615
0:0:0:0:0:0:0:1 - - [02/Jun/2020:09:43:43 +0800] "GET /blog/test/jusoPopup.jsp HTTP/1.1" 200 2283
0:0:0:0:0:0:0:1 - - [02/Jun/2020:09:43:49 +0800] "POST /blog/test/jusoPopup.jsp HTTP/1.1" 200 2502
127.0.0.1 - - [02/Jun/2020:10:13:08 +0800] "GET / HTTP/1.1" 404 807
0:0:0:0:0:0:0:1 - - [02/Jun/2020:10:13:09 +0800] "GET /blog/test/jusoPopup.jsp HTTP/1.1" 200 1074
0:0:0:0:0:0:0:1 - - [02/Jun/2020:10:13:10 +0800] "GET /favicon.ico HTTP/1.1" 404 818
0:0:0:0:0:0:0:1 - - [02/Jun/2020:10:13:17 +0800] "POST /blog/test/jusoPopup.jsp HTTP/1.1" 200 1127
0:0:0:0:0:0:0:1 - - [02/Jun/2020:10:14:03 +0800] "GET /blog/test/jusoPopup.jsp HTTP/1.1" 200 1074
127.0.0.1 - - [02/Jun/2020:10:16:43 +0800] "GET / HTTP/1.1" 404 807
0:0:0:0:0:0:0:1 - - [02/Jun/2020:10:16:44 +0800] "GET /blog/test/Sample.jsp HTTP/1.1" 200 834
0:0:0:0:0:0:0:1 - - [02/Jun/2020:10:16:45 +0800] "GET /blog/test/jusoPopup.jsp HTTP/1.1" 200 1074
127.0.0.1 - - [02/Jun/2020:10:17:05 +0800] "GET / HTTP/1.1" 404 807
0:0:0:0:0:0:0:1 - - [02/Jun/2020:10:17:06 +0800] "GET /blog/test/Sample.jsp HTTP/1.1" 200 834
127.0.0.1 - - [02/Jun/2020:10:19:51 +0800] "GET / HTTP/1.1" 404 807
0:0:0:0:0:0:0:1 - - [02/Jun/2020:10:19:52 +0800] "GET /blog/test/Sample.jsp HTTP/1.1" 200 934
127.0.0.1 - - [02/Jun/2020:10:26:39 +0800] "GET / HTTP/1.1" 404 807
127.0.0.1 - - [02/Jun/2020:10:27:04 +0800] "GET / HTTP/1.1" 404 807
0:0:0:0:0:0:0:1 - - [02/Jun/2020:10:27:05 +0800] "GET /blog/index.jsp HTTP/1.1" 302 -
0:0:0:0:0:0:0:1 - - [02/Jun/2020:10:27:05 +0800] "GET /blog/board?cmd=home HTTP/1.1" 200 2856
0:0:0:0:0:0:0:1 - - [02/Jun/2020:10:27:08 +0800] "GET /blog/user?cmd=join HTTP/1.1" 500 3773
0:0:0:0:0:0:0:1 - - [02/Jun/2020:10:27:11 +0800] "GET /blog/test/jusoPopup.jsp HTTP/1.1" 200 1074
127.0.0.1 - - [02/Jun/2020:10:28:44 +0800] "GET / HTTP/1.1" 404 807
0:0:0:0:0:0:0:1 - - [02/Jun/2020:10:28:44 +0800] "GET /blog/index.jsp HTTP/1.1" 302 -
0:0:0:0:0:0:0:1 - - [02/Jun/2020:10:28:44 +0800] "GET /blog/board?cmd=home HTTP/1.1" 200 2856
0:0:0:0:0:0:0:1 - - [02/Jun/2020:10:28:47 +0800] "GET /blog/user?cmd=join HTTP/1.1" 500 3778
0:0:0:0:0:0:0:1 - - [02/Jun/2020:10:28:49 +0800] "GET /blog/test/jusoPopup.jsp HTTP/1.1" 200 1074
127.0.0.1 - - [02/Jun/2020:10:30:14 +0800] "GET / HTTP/1.1" 404 807
0:0:0:0:0:0:0:1 - - [02/Jun/2020:10:30:15 +0800] "GET /blog/user/join.jsp HTTP/1.1" 200 3776
127.0.0.1 - - [02/Jun/2020:10:31:59 +0800] "GET / HTTP/1.1" 404 807
0:0:0:0:0:0:0:1 - - [02/Jun/2020:10:32:00 +0800] "GET /blog/user/join.jsp HTTP/1.1" 200 3771
0:0:0:0:0:0:0:1 - - [02/Jun/2020:10:32:05 +0800] "GET /blog/juso/jusoPopup.jsp HTTP/1.1" 200 1074
0:0:0:0:0:0:0:1 - - [02/Jun/2020:10:32:15 +0800] "POST /blog/juso/jusoPopup.jsp HTTP/1.1" 200 1132
127.0.0.1 - - [02/Jun/2020:10:32:49 +0800] "GET / HTTP/1.1" 404 807
0:0:0:0:0:0:0:1 - - [02/Jun/2020:10:32:50 +0800] "GET /blog/index.jsp HTTP/1.1" 302 -
0:0:0:0:0:0:0:1 - - [02/Jun/2020:10:32:50 +0800] "GET /blog/board?cmd=home HTTP/1.1" 200 2856
0:0:0:0:0:0:0:1 - - [02/Jun/2020:10:32:59 +0800] "GET /blog/user?cmd=join HTTP/1.1" 500 3761
0:0:0:0:0:0:0:1 - - [02/Jun/2020:10:33:18 +0800] "GET /blog/user?cmd=join HTTP/1.1" 500 3762
0:0:0:0:0:0:0:1 - - [02/Jun/2020:10:33:21 +0800] "GET /blog/juso/jusoPopup.jsp HTTP/1.1" 200 1074
0:0:0:0:0:0:0:1 - - [02/Jun/2020:10:33:33 +0800] "POST /blog/juso/jusoPopup.jsp HTTP/1.1" 200 1126
127.0.0.1 - - [02/Jun/2020:10:35:42 +0800] "GET / HTTP/1.1" 404 807
0:0:0:0:0:0:0:1 - - [02/Jun/2020:10:35:43 +0800] "GET /blog/user/join.jsp HTTP/1.1" 200 3768
0:0:0:0:0:0:0:1 - - [02/Jun/2020:10:35:46 +0800] "GET /blog/juso/jusoPopup.jsp HTTP/1.1" 200 1074
0:0:0:0:0:0:0:1 - - [02/Jun/2020:10:36:00 +0800] "POST /blog/juso/jusoPopup.jsp HTTP/1.1" 200 1128
127.0.0.1 - - [02/Jun/2020:10:37:27 +0800] "GET / HTTP/1.1" 404 807
0:0:0:0:0:0:0:1 - - [02/Jun/2020:10:37:28 +0800] "GET /blog/user/join.jsp HTTP/1.1" 200 3768
0:0:0:0:0:0:0:1 - - [02/Jun/2020:10:37:39 +0800] "GET /blog/juso/jusoPopup.jsp HTTP/1.1" 200 1074
127.0.0.1 - - [02/Jun/2020:10:39:07 +0800] "GET / HTTP/1.1" 404 807
0:0:0:0:0:0:0:1 - - [02/Jun/2020:10:39:07 +0800] "GET /blog/index.jsp HTTP/1.1" 302 -
0:0:0:0:0:0:0:1 - - [02/Jun/2020:10:39:07 +0800] "GET /blog/board?cmd=home HTTP/1.1" 200 2856
0:0:0:0:0:0:0:1 - - [02/Jun/2020:10:39:10 +0800] "GET /blog/user?cmd=join HTTP/1.1" 500 3780
0:0:0:0:0:0:0:1 - - [02/Jun/2020:10:39:11 +0800] "GET /blog/juso/jusoPopup.jsp HTTP/1.1" 200 1074
0:0:0:0:0:0:0:1 - - [02/Jun/2020:10:39:19 +0800] "POST /blog/juso/jusoPopup.jsp HTTP/1.1" 200 1125
127.0.0.1 - - [02/Jun/2020:10:40:54 +0800] "GET / HTTP/1.1" 404 807
0:0:0:0:0:0:0:1 - - [02/Jun/2020:10:40:55 +0800] "GET /blog/user/join.jsp HTTP/1.1" 200 3764
0:0:0:0:0:0:0:1 - - [02/Jun/2020:10:40:57 +0800] "GET /blog/juso/jusoPopup.jsp HTTP/1.1" 200 1074
127.0.0.1 - - [02/Jun/2020:10:41:08 +0800] "GET / HTTP/1.1" 404 807
0:0:0:0:0:0:0:1 - - [02/Jun/2020:10:41:09 +0800] "GET /blog/user/join.jsp HTTP/1.1" 200 3763
0:0:0:0:0:0:0:1 - - [02/Jun/2020:10:41:11 +0800] "GET /blog/juso/jusoPopup.jsp HTTP/1.1" 200 1074
127.0.0.1 - - [02/Jun/2020:10:41:24 +0800] "GET / HTTP/1.1" 404 807
0:0:0:0:0:0:0:1 - - [02/Jun/2020:10:41:25 +0800] "GET /blog/user/join.jsp HTTP/1.1" 200 3762
0:0:0:0:0:0:0:1 - - [02/Jun/2020:10:41:27 +0800] "GET /blog/juso/jusoPopup.jsp HTTP/1.1" 200 1074
127.0.0.1 - - [02/Jun/2020:11:33:27 +0800] "GET / HTTP/1.1" 404 807
0:0:0:0:0:0:0:1 - - [02/Jun/2020:11:33:28 +0800] "GET /blog/test/AjaxRequestTest.jsp HTTP/1.1" 200 259
127.0.0.1 - - [02/Jun/2020:11:34:28 +0800] "GET / HTTP/1.1" 404 807
0:0:0:0:0:0:0:1 - - [02/Jun/2020:11:34:30 +0800] "GET /blog/test/AjaxRequestTest.jsp HTTP/1.1" 200 255
127.0.0.1 - - [02/Jun/2020:11:36:15 +0800] "GET / HTTP/1.1" 404 807
0:0:0:0:0:0:0:1 - - [02/Jun/2020:11:36:16 +0800] "GET /blog/test/AjaxRequestTest.jsp HTTP/1.1" 200 253
127.0.0.1 - - [02/Jun/2020:11:37:32 +0800] "GET / HTTP/1.1" 404 807
0:0:0:0:0:0:0:1 - - [02/Jun/2020:11:37:32 +0800] "GET /blog/test/AjaxRequestTest.jsp HTTP/1.1" 200 253
127.0.0.1 - - [02/Jun/2020:11:40:06 +0800] "GET / HTTP/1.1" 404 807
0:0:0:0:0:0:0:1 - - [02/Jun/2020:11:40:06 +0800] "GET /blog/test/AjaxRequestTest.jsp HTTP/1.1" 200 253
127.0.0.1 - - [02/Jun/2020:13:06:55 +0800] "GET / HTTP/1.1" 404 807
0:0:0:0:0:0:0:1 - - [02/Jun/2020:13:06:56 +0800] "GET /blog/test/AjaxRequestTest.jsp HTTP/1.1" 200 362
127.0.0.1 - - [02/Jun/2020:13:07:11 +0800] "GET / HTTP/1.1" 404 807
0:0:0:0:0:0:0:1 - - [02/Jun/2020:13:07:12 +0800] "GET /blog/test/AjaxRequestTest.jsp HTTP/1.1" 200 371
127.0.0.1 - - [02/Jun/2020:13:07:44 +0800] "GET / HTTP/1.1" 404 807
0:0:0:0:0:0:0:1 - - [02/Jun/2020:13:07:45 +0800] "GET /blog/test/AjaxRequestTest.jsp HTTP/1.1" 200 380
127.0.0.1 - - [02/Jun/2020:13:08:36 +0800] "GET / HTTP/1.1" 404 807
0:0:0:0:0:0:0:1 - - [02/Jun/2020:13:08:37 +0800] "GET /blog/test/AjaxRequestTest.jsp HTTP/1.1" 200 370
0:0:0:0:0:0:0:1 - - [02/Jun/2020:13:09:18 +0800] "GET /blog/test/AjaxRequestTest.jsp HTTP/1.1" 200 385
127.0.0.1 - - [02/Jun/2020:13:09:53 +0800] "GET / HTTP/1.1" 404 807
0:0:0:0:0:0:0:1 - - [02/Jun/2020:13:09:54 +0800] "GET /blog/test/AjaxRequestTest.jsp HTTP/1.1" 200 375
127.0.0.1 - - [02/Jun/2020:13:12:35 +0800] "GET / HTTP/1.1" 404 807
0:0:0:0:0:0:0:1 - - [02/Jun/2020:13:12:36 +0800] "GET /blog/test/AjaxRequestTest.jsp HTTP/1.1" 200 472
127.0.0.1 - - [02/Jun/2020:13:13:44 +0800] "GET / HTTP/1.1" 404 807
0:0:0:0:0:0:0:1 - - [02/Jun/2020:13:13:45 +0800] "GET /blog/test/AjaxRequestTest.jsp HTTP/1.1" 200 513
0:0:0:0:0:0:0:1 - - [02/Jun/2020:13:13:52 +0800] "GET /blog/test/AjaxRequestTest.jsp HTTP/1.1" 200 513
127.0.0.1 - - [02/Jun/2020:13:17:02 +0800] "GET / HTTP/1.1" 404 807
0:0:0:0:0:0:0:1 - - [02/Jun/2020:13:17:03 +0800] "GET /blog/test/AjaxRequestTest.jsp HTTP/1.1" 200 536
0:0:0:0:0:0:0:1 - - [02/Jun/2020:13:18:09 +0800] "GET /blog/test/AjaxRequestTest.jsp HTTP/1.1" 200 537
127.0.0.1 - - [02/Jun/2020:13:18:33 +0800] "GET / HTTP/1.1" 404 807
0:0:0:0:0:0:0:1 - - [02/Jun/2020:13:18:35 +0800] "GET /blog/test/AjaxRequestTest.jsp HTTP/1.1" 200 507
127.0.0.1 - - [02/Jun/2020:13:20:14 +0800] "GET / HTTP/1.1" 404 807
0:0:0:0:0:0:0:1 - - [02/Jun/2020:13:20:15 +0800] "GET /blog/test/AjaxRequestTest.jsp HTTP/1.1" 200 506
127.0.0.1 - - [02/Jun/2020:13:20:46 +0800] "GET / HTTP/1.1" 404 807
0:0:0:0:0:0:0:1 - - [02/Jun/2020:13:20:47 +0800] "GET /blog/test/AjaxRequestTest.jsp HTTP/1.1" 200 505
127.0.0.1 - - [02/Jun/2020:13:24:58 +0800] "GET / HTTP/1.1" 404 807
0:0:0:0:0:0:0:1 - - [02/Jun/2020:13:24:59 +0800] "GET /blog/test/AjaxRequestTest.jsp HTTP/1.1" 200 535
127.0.0.1 - - [02/Jun/2020:13:29:02 +0800] "GET / HTTP/1.1" 404 807
0:0:0:0:0:0:0:1 - - [02/Jun/2020:13:29:03 +0800] "GET /blog/test/AjaxRequestTest.jsp HTTP/1.1" 200 628
127.0.0.1 - - [02/Jun/2020:13:29:32 +0800] "GET / HTTP/1.1" 404 807
0:0:0:0:0:0:0:1 - - [02/Jun/2020:13:29:33 +0800] "GET /blog/test/AjaxRequestTest.jsp HTTP/1.1" 200 632
127.0.0.1 - - [02/Jun/2020:13:30:08 +0800] "GET / HTTP/1.1" 404 807
0:0:0:0:0:0:0:1 - - [02/Jun/2020:13:30:09 +0800] "GET /blog/test/AjaxRequestTest.jsp HTTP/1.1" 200 621
127.0.0.1 - - [02/Jun/2020:13:30:49 +0800] "GET / HTTP/1.1" 404 807
0:0:0:0:0:0:0:1 - - [02/Jun/2020:13:30:50 +0800] "GET /blog/test/AjaxRequestTest.jsp HTTP/1.1" 200 614
127.0.0.1 - - [02/Jun/2020:13:31:31 +0800] "GET / HTTP/1.1" 404 807
0:0:0:0:0:0:0:1 - - [02/Jun/2020:13:31:32 +0800] "GET /blog/test/AjaxRequestTest.jsp HTTP/1.1" 200 638
0:0:0:0:0:0:0:1 - - [02/Jun/2020:13:32:07 +0800] "GET /blog/test/AjaxRequestTest.jsp HTTP/1.1" 200 655
0:0:0:0:0:0:0:1 - - [02/Jun/2020:13:32:18 +0800] "GET /blog/test/AjaxRequestTest.jsp HTTP/1.1" 200 655
127.0.0.1 - - [02/Jun/2020:13:32:28 +0800] "GET / HTTP/1.1" 404 807
0:0:0:0:0:0:0:1 - - [02/Jun/2020:13:32:29 +0800] "GET /blog/test/AjaxRequestTest.jsp HTTP/1.1" 200 655
0:0:0:0:0:0:0:1 - - [02/Jun/2020:13:32:30 +0800] "GET /favicon.ico HTTP/1.1" 404 818
127.0.0.1 - - [02/Jun/2020:14:04:32 +0800] "GET / HTTP/1.1" 404 807
0:0:0:0:0:0:0:1 - - [02/Jun/2020:14:04:33 +0800] "GET /blog/test/AjaxRequestTest.jsp HTTP/1.1" 200 910
0:0:0:0:0:0:0:1 - - [02/Jun/2020:14:04:33 +0800] "GET /favicon.ico HTTP/1.1" 404 818
127.0.0.1 - - [02/Jun/2020:14:19:26 +0800] "GET / HTTP/1.1" 404 807
0:0:0:0:0:0:0:1 - - [02/Jun/2020:14:19:27 +0800] "GET /blog/test/AjaxRequestTest.jsp HTTP/1.1" 200 1223
0:0:0:0:0:0:0:1 - - [02/Jun/2020:14:20:41 +0800] "POST /blog/test/AjaxRespnseTest.jsp HTTP/1.1" 404 820
0:0:0:0:0:0:0:1 - - [02/Jun/2020:14:20:50 +0800] "POST /blog/test/AjaxRespnseTest.jsp HTTP/1.1" 404 820
127.0.0.1 - - [02/Jun/2020:14:21:20 +0800] "GET / HTTP/1.1" 404 807
0:0:0:0:0:0:0:1 - - [02/Jun/2020:14:21:22 +0800] "GET /blog/test/AjaxRequestTest.jsp HTTP/1.1" 200 1223
0:0:0:0:0:0:0:1 - - [02/Jun/2020:14:21:23 +0800] "POST /blog/test/AjaxRespnseTest.jsp HTTP/1.1" 404 820
127.0.0.1 - - [02/Jun/2020:14:52:48 +0800] "GET / HTTP/1.1" 404 807
0:0:0:0:0:0:0:1 - - [02/Jun/2020:14:52:49 +0800] "GET /blog/test/AjaxRequestTest.jsp HTTP/1.1" 200 1173
0:0:0:0:0:0:0:1 - - [02/Jun/2020:14:52:52 +0800] "POST /blog/test/AjaxResponseTest.jsp HTTP/1.1" 200 4
0:0:0:0:0:0:0:1 - - [02/Jun/2020:14:52:56 +0800] "POST /blog/test/AjaxResponseTest.jsp HTTP/1.1" 200 4
0:0:0:0:0:0:0:1 - - [02/Jun/2020:14:52:57 +0800] "POST /blog/test/AjaxResponseTest.jsp HTTP/1.1" 200 4
0:0:0:0:0:0:0:1 - - [02/Jun/2020:14:52:57 +0800] "POST /blog/test/AjaxResponseTest.jsp HTTP/1.1" 200 4
0:0:0:0:0:0:0:1 - - [02/Jun/2020:14:52:58 +0800] "POST /blog/test/AjaxResponseTest.jsp HTTP/1.1" 200 4
0:0:0:0:0:0:0:1 - - [02/Jun/2020:14:52:58 +0800] "POST /blog/test/AjaxResponseTest.jsp HTTP/1.1" 200 4
127.0.0.1 - - [02/Jun/2020:14:53:15 +0800] "GET / HTTP/1.1" 404 807
0:0:0:0:0:0:0:1 - - [02/Jun/2020:14:53:16 +0800] "GET /blog/test/AjaxRequestTest.jsp HTTP/1.1" 200 1180
0:0:0:0:0:0:0:1 - - [02/Jun/2020:14:53:18 +0800] "POST /blog/test/AjaxResponseTest.jsp HTTP/1.1" 200 4
0:0:0:0:0:0:0:1 - - [02/Jun/2020:14:53:19 +0800] "POST /blog/test/AjaxResponseTest.jsp HTTP/1.1" 200 4
0:0:0:0:0:0:0:1 - - [02/Jun/2020:14:53:21 +0800] "POST /blog/test/AjaxResponseTest.jsp HTTP/1.1" 200 4
127.0.0.1 - - [02/Jun/2020:14:54:42 +0800] "GET / HTTP/1.1" 404 807
0:0:0:0:0:0:0:1 - - [02/Jun/2020:14:54:43 +0800] "GET /blog/test/AjaxRequestTest.jsp HTTP/1.1" 200 1381
0:0:0:0:0:0:0:1 - - [02/Jun/2020:14:54:44 +0800] "POST /blog/test/AjaxResponseTest.jsp HTTP/1.1" 200 4
0:0:0:0:0:0:0:1 - - [02/Jun/2020:14:54:46 +0800] "POST /blog/test/AjaxResponseTest.jsp HTTP/1.1" 200 4
0:0:0:0:0:0:0:1 - - [02/Jun/2020:14:54:47 +0800] "POST /blog/test/AjaxResponseTest.jsp HTTP/1.1" 200 4
0:0:0:0:0:0:0:1 - - [02/Jun/2020:14:54:47 +0800] "POST /blog/test/AjaxResponseTest.jsp HTTP/1.1" 200 4
0:0:0:0:0:0:0:1 - - [02/Jun/2020:14:54:47 +0800] "POST /blog/test/AjaxResponseTest.jsp HTTP/1.1" 200 4
0:0:0:0:0:0:0:1 - - [02/Jun/2020:14:54:47 +0800] "POST /blog/test/AjaxResponseTest.jsp HTTP/1.1" 200 4
127.0.0.1 - - [02/Jun/2020:14:58:19 +0800] "GET / HTTP/1.1" 404 807
0:0:0:0:0:0:0:1 - - [02/Jun/2020:14:58:20 +0800] "GET /blog/test/lotto.jsp HTTP/1.1" 200 398
127.0.0.1 - - [02/Jun/2020:14:59:21 +0800] "GET / HTTP/1.1" 404 807
0:0:0:0:0:0:0:1 - - [02/Jun/2020:14:59:22 +0800] "GET /blog/test/lotto.jsp HTTP/1.1" 200 386
127.0.0.1 - - [02/Jun/2020:15:00:30 +0800] "GET / HTTP/1.1" 404 807
0:0:0:0:0:0:0:1 - - [02/Jun/2020:15:00:31 +0800] "GET /blog/test/lotto.jsp HTTP/1.1" 200 393
127.0.0.1 - - [02/Jun/2020:15:02:38 +0800] "GET / HTTP/1.1" 404 807
0:0:0:0:0:0:0:1 - - [02/Jun/2020:15:02:39 +0800] "GET /blog/test/lotto.jsp HTTP/1.1" 200 415
0:0:0:0:0:0:0:1 - - [02/Jun/2020:15:02:43 +0800] "GET /blog/test/lotto.jsp HTTP/1.1" 200 415
127.0.0.1 - - [02/Jun/2020:15:03:17 +0800] "GET / HTTP/1.1" 404 807
0:0:0:0:0:0:0:1 - - [02/Jun/2020:15:03:18 +0800] "GET /blog/test/lotto.jsp HTTP/1.1" 200 403
127.0.0.1 - - [02/Jun/2020:15:03:56 +0800] "GET / HTTP/1.1" 404 807
0:0:0:0:0:0:0:1 - - [02/Jun/2020:15:03:56 +0800] "GET /blog/test/lotto.jsp HTTP/1.1" 200 410
0:0:0:0:0:0:0:1 - - [02/Jun/2020:15:04:16 +0800] "GET /blog/test/lotto.jsp HTTP/1.1" 200 403
127.0.0.1 - - [02/Jun/2020:15:04:41 +0800] "GET / HTTP/1.1" 404 807
0:0:0:0:0:0:0:1 - - [02/Jun/2020:15:04:42 +0800] "GET /blog/test/lotto.jsp HTTP/1.1" 200 410
127.0.0.1 - - [02/Jun/2020:15:05:05 +0800] "GET / HTTP/1.1" 404 807
0:0:0:0:0:0:0:1 - - [02/Jun/2020:15:05:06 +0800] "GET /blog/test/lotto.jsp HTTP/1.1" 200 410
127.0.0.1 - - [02/Jun/2020:15:05:19 +0800] "GET / HTTP/1.1" 404 807
0:0:0:0:0:0:0:1 - - [02/Jun/2020:15:05:20 +0800] "GET /blog/test/lotto.jsp HTTP/1.1" 200 410
127.0.0.1 - - [02/Jun/2020:15:23:17 +0800] "GET / HTTP/1.1" 404 807
0:0:0:0:0:0:0:1 - - [02/Jun/2020:15:23:18 +0800] "GET /blog/test/navTest.jsp HTTP/1.1" 200 2156
0:0:0:0:0:0:0:1 - - [02/Jun/2020:15:23:19 +0800] "GET /favicon.ico HTTP/1.1" 404 818
127.0.0.1 - - [02/Jun/2020:15:23:47 +0800] "GET / HTTP/1.1" 404 807
0:0:0:0:0:0:0:1 - - [02/Jun/2020:15:23:47 +0800] "GET /blog/juso/jusoPopup.jsp HTTP/1.1" 200 1074
127.0.0.1 - - [02/Jun/2020:15:24:32 +0800] "GET / HTTP/1.1" 404 807
0:0:0:0:0:0:0:1 - - [02/Jun/2020:15:24:33 +0800] "GET /blog/user/join.jsp HTTP/1.1" 200 3751
0:0:0:0:0:0:0:1 - - [02/Jun/2020:15:24:41 +0800] "GET /blog/juso/jusoPopup.jsp HTTP/1.1" 200 1074
127.0.0.1 - - [02/Jun/2020:15:25:57 +0800] "GET / HTTP/1.1" 404 807
0:0:0:0:0:0:0:1 - - [02/Jun/2020:15:25:58 +0800] "GET /blog/user/join.jsp HTTP/1.1" 200 3752
0:0:0:0:0:0:0:1 - - [02/Jun/2020:15:26:00 +0800] "GET /blog/juso/jusoPopup.jsp HTTP/1.1" 200 1074
127.0.0.1 - - [02/Jun/2020:15:26:17 +0800] "GET / HTTP/1.1" 404 807
0:0:0:0:0:0:0:1 - - [02/Jun/2020:15:26:18 +0800] "GET /blog/user/join.jsp HTTP/1.1" 200 3751
0:0:0:0:0:0:0:1 - - [02/Jun/2020:15:26:24 +0800] "GET /blog/juso/jusoPopup.jsp HTTP/1.1" 200 1074
127.0.0.1 - - [02/Jun/2020:15:28:47 +0800] "GET / HTTP/1.1" 404 807
0:0:0:0:0:0:0:1 - - [02/Jun/2020:15:28:49 +0800] "GET /blog/user/join.jsp HTTP/1.1" 200 3752
0:0:0:0:0:0:0:1 - - [02/Jun/2020:15:28:50 +0800] "GET /blog/juso/jusoPopup.jsp HTTP/1.1" 200 1074
127.0.0.1 - - [02/Jun/2020:15:29:57 +0800] "GET / HTTP/1.1" 404 807
0:0:0:0:0:0:0:1 - - [02/Jun/2020:15:29:58 +0800] "GET /blog/user/join.jsp HTTP/1.1" 200 3740
0:0:0:0:0:0:0:1 - - [02/Jun/2020:15:30:00 +0800] "GET /blog/juso/jusoPopup.jsp HTTP/1.1" 200 1074
0:0:0:0:0:0:0:1 - - [02/Jun/2020:15:30:08 +0800] "POST /blog/juso/jusoPopup.jsp HTTP/1.1" 200 1135
127.0.0.1 - - [02/Jun/2020:16:05:09 +0800] "GET / HTTP/1.1" 404 807
0:0:0:0:0:0:0:1 - - [02/Jun/2020:16:05:10 +0800] "GET /blog/user/join.jsp HTTP/1.1" 200 3750
0:0:0:0:0:0:0:1 - - [02/Jun/2020:16:05:12 +0800] "GET /blog/juso/jusoPopup.jsp HTTP/1.1" 200 1099
0:0:0:0:0:0:0:1 - - [02/Jun/2020:16:05:34 +0800] "GET /blog/user/join.jsp HTTP/1.1" 200 3750
0:0:0:0:0:0:0:1 - - [02/Jun/2020:16:05:35 +0800] "GET /blog/juso/jusoPopup.jsp HTTP/1.1" 200 1099
0:0:0:0:0:0:0:1 - - [02/Jun/2020:16:05:40 +0800] "POST /blog/juso/jusoPopup.jsp HTTP/1.1" 200 1160
0:0:0:0:0:0:0:1 - - [02/Jun/2020:16:07:22 +0800] "GET /blog/juso/jusoPopup.jsp HTTP/1.1" 200 1167
0:0:0:0:0:0:0:1 - - [02/Jun/2020:16:08:14 +0800] "POST /blog/juso/jusoPopup.jsp HTTP/1.1" 200 1231
127.0.0.1 - - [02/Jun/2020:16:10:12 +0800] "GET / HTTP/1.1" 404 807
0:0:0:0:0:0:0:1 - - [02/Jun/2020:16:10:14 +0800] "GET /blog/juso/jusoPopup.jsp HTTP/1.1" 200 1232
127.0.0.1 - - [02/Jun/2020:16:10:40 +0800] "GET / HTTP/1.1" 404 807
0:0:0:0:0:0:0:1 - - [02/Jun/2020:16:10:40 +0800] "GET /blog/user/join.jsp HTTP/1.1" 200 3750
0:0:0:0:0:0:0:1 - - [02/Jun/2020:16:10:42 +0800] "GET /blog/juso/jusoPopup.jsp HTTP/1.1" 200 1254
0:0:0:0:0:0:0:1 - - [02/Jun/2020:16:10:47 +0800] "POST /blog/juso/jusoPopup.jsp HTTP/1.1" 200 1315
127.0.0.1 - - [02/Jun/2020:16:18:48 +0800] "GET / HTTP/1.1" 404 807
0:0:0:0:0:0:0:1 - - [02/Jun/2020:16:18:49 +0800] "GET /blog/juso/jusoPopup.jsp HTTP/1.1" 200 1301
0:0:0:0:0:0:0:1 - - [02/Jun/2020:16:19:10 +0800] "GET /blog/ HTTP/1.1" 302 -
0:0:0:0:0:0:0:1 - - [02/Jun/2020:16:19:10 +0800] "GET /blog/board?cmd=home HTTP/1.1" 200 2856
0:0:0:0:0:0:0:1 - - [02/Jun/2020:16:19:13 +0800] "GET /blog/user?cmd=join HTTP/1.1" 500 3750
0:0:0:0:0:0:0:1 - - [02/Jun/2020:16:19:15 +0800] "GET /blog/juso/jusoPopup.jsp HTTP/1.1" 200 1321
0:0:0:0:0:0:0:1 - - [02/Jun/2020:16:19:59 +0800] "GET /blog/user?cmd=join HTTP/1.1" 500 3750
0:0:0:0:0:0:0:1 - - [02/Jun/2020:16:20:00 +0800] "GET /blog/juso/jusoPopup.jsp HTTP/1.1" 200 1367
0:0:0:0:0:0:0:1 - - [02/Jun/2020:16:20:26 +0800] "GET /blog/user?cmd=join HTTP/1.1" 500 3750
0:0:0:0:0:0:0:1 - - [02/Jun/2020:16:20:27 +0800] "GET /blog/juso/jusoPopup.jsp HTTP/1.1" 200 1367
0:0:0:0:0:0:0:1 - - [02/Jun/2020:16:20:50 +0800] "GET /blog/user?cmd=join HTTP/1.1" 500 3750
0:0:0:0:0:0:0:1 - - [02/Jun/2020:16:20:50 +0800] "GET /blog/juso/jusoPopup.jsp HTTP/1.1" 200 1319
0:0:0:0:0:0:0:1 - - [02/Jun/2020:16:21:04 +0800] "GET /blog/juso/jusoPopup.jsp HTTP/1.1" 200 1319
0:0:0:0:0:0:0:1 - - [02/Jun/2020:16:21:40 +0800] "POST /blog/juso/jusoPopup.jsp HTTP/1.1" 200 1369
127.0.0.1 - - [02/Jun/2020:16:25:08 +0800] "GET / HTTP/1.1" 404 807
0:0:0:0:0:0:0:1 - - [02/Jun/2020:16:25:09 +0800] "GET /blog/user/join.jsp HTTP/1.1" 200 3769
0:0:0:0:0:0:0:1 - - [02/Jun/2020:16:25:43 +0800] "GET /blog/juso/jusoPopup.jsp HTTP/1.1" 200 1319
127.0.0.1 - - [02/Jun/2020:16:28:15 +0800] "GET / HTTP/1.1" 404 807
0:0:0:0:0:0:0:1 - - [02/Jun/2020:16:28:15 +0800] "GET /blog/user/join.jsp HTTP/1.1" 200 3769
0:0:0:0:0:0:0:1 - - [02/Jun/2020:16:28:18 +0800] "GET /blog/juso/jusoPopup.jsp HTTP/1.1" 200 1293
127.0.0.1 - - [02/Jun/2020:16:29:08 +0800] "GET / HTTP/1.1" 404 807
0:0:0:0:0:0:0:1 - - [02/Jun/2020:16:29:08 +0800] "GET /blog/user/join.jsp HTTP/1.1" 200 3769
0:0:0:0:0:0:0:1 - - [02/Jun/2020:16:29:10 +0800] "GET /blog/juso/jusoPopup.jsp HTTP/1.1" 200 1339
0:0:0:0:0:0:0:1 - - [02/Jun/2020:16:33:33 +0800] "POST /blog/juso/jusoPopup.jsp HTTP/1.1" 200 1420
127.0.0.1 - - [02/Jun/2020:16:33:48 +0800] "GET / HTTP/1.1" 404 807
0:0:0:0:0:0:0:1 - - [02/Jun/2020:16:33:49 +0800] "GET /blog/user/join.jsp HTTP/1.1" 200 3769
0:0:0:0:0:0:0:1 - - [02/Jun/2020:16:33:50 +0800] "GET /blog/juso/jusoPopup.jsp HTTP/1.1" 200 1365
0:0:0:0:0:0:0:1 - - [02/Jun/2020:16:33:56 +0800] "POST /blog/juso/jusoPopup.jsp HTTP/1.1" 200 1426
0:0:0:0:0:0:0:1 - - [02/Jun/2020:16:34:16 +0800] "GET /blog/juso/jusoPopup.jsp HTTP/1.1" 200 1365
0:0:0:0:0:0:0:1 - - [02/Jun/2020:16:34:40 +0800] "GET /blog/juso/jusoPopup.jsp HTTP/1.1" 200 1365
0:0:0:0:0:0:0:1 - - [02/Jun/2020:16:36:33 +0800] "POST /blog/juso/jusoPopup.jsp HTTP/1.1" 200 1426
127.0.0.1 - - [02/Jun/2020:16:36:58 +0800] "GET / HTTP/1.1" 404 807
0:0:0:0:0:0:0:1 - - [02/Jun/2020:16:37:00 +0800] "GET /blog/juso/jusoPopup.jsp HTTP/1.1" 200 1347
127.0.0.1 - - [02/Jun/2020:16:37:14 +0800] "GET / HTTP/1.1" 404 807
0:0:0:0:0:0:0:1 - - [02/Jun/2020:16:37:14 +0800] "GET /blog/user/join.jsp HTTP/1.1" 200 3769
0:0:0:0:0:0:0:1 - - [02/Jun/2020:16:37:16 +0800] "GET /blog/juso/jusoPopup.jsp HTTP/1.1" 200 1347
127.0.0.1 - - [02/Jun/2020:16:39:49 +0800] "GET / HTTP/1.1" 404 807
0:0:0:0:0:0:0:1 - - [02/Jun/2020:16:39:50 +0800] "GET /blog/juso/jusoPopup.jsp HTTP/1.1" 200 1282
127.0.0.1 - - [02/Jun/2020:16:40:05 +0800] "GET / HTTP/1.1" 404 807
0:0:0:0:0:0:0:1 - - [02/Jun/2020:16:40:05 +0800] "GET /blog/index.jsp HTTP/1.1" 302 -
0:0:0:0:0:0:0:1 - - [02/Jun/2020:16:40:05 +0800] "GET /blog/board?cmd=home HTTP/1.1" 200 2856
0:0:0:0:0:0:0:1 - - [02/Jun/2020:16:40:09 +0800] "GET /blog/user?cmd=join HTTP/1.1" 500 3769
0:0:0:0:0:0:0:1 - - [02/Jun/2020:16:40:10 +0800] "GET /blog/juso/jusoPopup.jsp HTTP/1.1" 200 1282
127.0.0.1 - - [02/Jun/2020:16:45:46 +0800] "GET / HTTP/1.1" 404 807
0:0:0:0:0:0:0:1 - - [02/Jun/2020:16:45:46 +0800] "GET /blog/index.jsp HTTP/1.1" 302 -
0:0:0:0:0:0:0:1 - - [02/Jun/2020:16:45:46 +0800] "GET /blog/board?cmd=home HTTP/1.1" 200 2856
0:0:0:0:0:0:0:1 - - [02/Jun/2020:16:45:49 +0800] "GET /blog/user?cmd=join HTTP/1.1" 500 3794
0:0:0:0:0:0:0:1 - - [02/Jun/2020:16:45:51 +0800] "GET /blog/juso/jusoPopup.jsp HTTP/1.1" 200 1347
0:0:0:0:0:0:0:1 - - [02/Jun/2020:16:45:58 +0800] "POST /blog/juso/jusoPopup.jsp HTTP/1.1" 200 1399
127.0.0.1 - - [02/Jun/2020:16:47:00 +0800] "GET / HTTP/1.1" 404 807
0:0:0:0:0:0:0:1 - - [02/Jun/2020:16:47:00 +0800] "GET /blog/index.jsp HTTP/1.1" 302 -
0:0:0:0:0:0:0:1 - - [02/Jun/2020:16:47:00 +0800] "GET /blog/board?cmd=home HTTP/1.1" 200 2856
0:0:0:0:0:0:0:1 - - [02/Jun/2020:16:47:03 +0800] "GET /blog/user?cmd=join HTTP/1.1" 500 3915
0:0:0:0:0:0:0:1 - - [02/Jun/2020:16:47:05 +0800] "GET /blog/juso/jusoPopup.jsp HTTP/1.1" 200 1347
0:0:0:0:0:0:0:1 - - [02/Jun/2020:16:47:13 +0800] "POST /blog/juso/jusoPopup.jsp HTTP/1.1" 200 1405
127.0.0.1 - - [02/Jun/2020:16:53:52 +0800] "GET / HTTP/1.1" 404 807
0:0:0:0:0:0:0:1 - - [02/Jun/2020:16:53:52 +0800] "GET /blog/index.jsp HTTP/1.1" 302 -
0:0:0:0:0:0:0:1 - - [02/Jun/2020:16:53:52 +0800] "GET /blog/board?cmd=home HTTP/1.1" 200 2856
0:0:0:0:0:0:0:1 - - [02/Jun/2020:16:54:01 +0800] "GET /blog/user?cmd=login HTTP/1.1" 200 2828
0:0:0:0:0:0:0:1 - - [02/Jun/2020:16:54:01 +0800] "GET /blog/user?cmd=join HTTP/1.1" 500 3915
0:0:0:0:0:0:0:1 - - [02/Jun/2020:16:54:03 +0800] "GET /blog/juso/jusoPopup.jsp HTTP/1.1" 200 1277
0:0:0:0:0:0:0:1 - - [02/Jun/2020:16:54:21 +0800] "GET /blog/juso/jusoPopup.jsp HTTP/1.1" 200 1312
0:0:0:0:0:0:0:1 - - [02/Jun/2020:16:55:11 +0800] "GET /blog/juso/jusoPopup.jsp HTTP/1.1" 200 1365
0:0:0:0:0:0:0:1 - - [02/Jun/2020:16:55:13 +0800] "GET /blog/user?cmd=join HTTP/1.1" 500 3915
0:0:0:0:0:0:0:1 - - [02/Jun/2020:16:55:30 +0800] "GET /blog/juso/jusoPopup.jsp HTTP/1.1" 200 1359
0:0:0:0:0:0:0:1 - - [02/Jun/2020:16:55:32 +0800] "GET /blog/juso/jusoPopup.jsp HTTP/1.1" 200 1359
0:0:0:0:0:0:0:1 - - [02/Jun/2020:16:55:36 +0800] "GET /blog/juso/jusoPopup.jsp HTTP/1.1" 200 1289
0:0:0:0:0:0:0:1 - - [02/Jun/2020:16:55:38 +0800] "GET /blog/juso/jusoPopup.jsp HTTP/1.1" 200 1289
0:0:0:0:0:0:0:1 - - [02/Jun/2020:16:55:41 +0800] "GET /blog/juso/jusoPopup.jsp HTTP/1.1" 200 1289
0:0:0:0:0:0:0:1 - - [02/Jun/2020:16:55:52 +0800] "GET /blog/juso/jusoPopup.jsp HTTP/1.1" 200 1289
0:0:0:0:0:0:0:1 - - [02/Jun/2020:16:55:55 +0800] "GET /blog/juso/jusoPopup.jsp HTTP/1.1" 200 1289
0:0:0:0:0:0:0:1 - - [02/Jun/2020:17:01:38 +0800] "GET /blog/juso/jusoPopup.jsp HTTP/1.1" 200 1289
127.0.0.1 - - [02/Jun/2020:17:12:30 +0800] "GET / HTTP/1.1" 404 807
0:0:0:0:0:0:0:1 - - [02/Jun/2020:17:12:30 +0800] "GET /blog/user/join.jsp HTTP/1.1" 200 3915
0:0:0:0:0:0:0:1 - - [02/Jun/2020:17:13:04 +0800] "GET /blog/juso/jusoPopup.jsp HTTP/1.1" 200 1359
127.0.0.1 - - [02/Jun/2020:17:15:58 +0800] "GET / HTTP/1.1" 404 807
0:0:0:0:0:0:0:1 - - [02/Jun/2020:17:15:59 +0800] "GET /blog/juso/jusoPopup.jsp HTTP/1.1" 200 1367
0:0:0:0:0:0:0:1 - - [02/Jun/2020:17:16:04 +0800] "POST /blog/juso/jusoPopup.jsp HTTP/1.1" 200 1419
127.0.0.1 - - [02/Jun/2020:17:16:34 +0800] "GET / HTTP/1.1" 404 807
0:0:0:0:0:0:0:1 - - [02/Jun/2020:17:16:35 +0800] "GET /blog/user/join.jsp HTTP/1.1" 200 3917
0:0:0:0:0:0:0:1 - - [02/Jun/2020:17:16:37 +0800] "GET /blog/juso/jusoPopup.jsp HTTP/1.1" 200 1363
0:0:0:0:0:0:0:1 - - [02/Jun/2020:17:16:49 +0800] "POST /blog/juso/jusoPopup.jsp HTTP/1.1" 200 1421
127.0.0.1 - - [02/Jun/2020:17:17:09 +0800] "GET / HTTP/1.1" 404 807
0:0:0:0:0:0:0:1 - - [02/Jun/2020:17:17:10 +0800] "GET /blog/user/join.jsp HTTP/1.1" 200 3917
0:0:0:0:0:0:0:1 - - [02/Jun/2020:17:17:12 +0800] "GET /blog/juso/jusoPopup.jsp HTTP/1.1" 200 1369
0:0:0:0:0:0:0:1 - - [02/Jun/2020:17:17:19 +0800] "POST /blog/juso/jusoPopup.jsp HTTP/1.1" 200 1427
0:0:0:0:0:0:0:1 - - [02/Jun/2020:17:17:48 +0800] "GET /blog/juso/jusoPopup.jsp HTTP/1.1" 200 1369
0:0:0:0:0:0:0:1 - - [02/Jun/2020:17:17:52 +0800] "GET /blog/user/join.jsp HTTP/1.1" 200 3917
0:0:0:0:0:0:0:1 - - [02/Jun/2020:17:17:53 +0800] "GET /blog/juso/jusoPopup.jsp HTTP/1.1" 200 1369
127.0.0.1 - - [02/Jun/2020:17:18:14 +0800] "GET / HTTP/1.1" 404 807
0:0:0:0:0:0:0:1 - - [02/Jun/2020:17:18:14 +0800] "GET /blog/juso/jusoPopup.jsp HTTP/1.1" 200 1299
127.0.0.1 - - [02/Jun/2020:17:18:54 +0800] "GET / HTTP/1.1" 404 807
0:0:0:0:0:0:0:1 - - [02/Jun/2020:17:18:54 +0800] "GET /blog/index.jsp HTTP/1.1" 302 -
0:0:0:0:0:0:0:1 - - [02/Jun/2020:17:18:54 +0800] "GET /blog/board?cmd=home HTTP/1.1" 200 2856
0:0:0:0:0:0:0:1 - - [02/Jun/2020:17:18:56 +0800] "GET /blog/user?cmd=join HTTP/1.1" 500 3917
0:0:0:0:0:0:0:1 - - [02/Jun/2020:17:18:59 +0800] "GET /blog/juso/jusoPopup.jsp HTTP/1.1" 200 1273
127.0.0.1 - - [02/Jun/2020:17:19:15 +0800] "GET / HTTP/1.1" 404 807
0:0:0:0:0:0:0:1 - - [02/Jun/2020:17:19:16 +0800] "GET /blog/juso/jusoPopup.jsp HTTP/1.1" 200 1339
0:0:0:0:0:0:0:1 - - [02/Jun/2020:17:19:27 +0800] "POST /blog/juso/jusoPopup.jsp HTTP/1.1" 200 1333
127.0.0.1 - - [02/Jun/2020:17:27:22 +0800] "GET / HTTP/1.1" 404 807
0:0:0:0:0:0:0:1 - - [02/Jun/2020:17:27:23 +0800] "GET /blog/user/join.jsp HTTP/1.1" 200 3918
0:0:0:0:0:0:0:1 - - [02/Jun/2020:17:27:25 +0800] "GET /blog/juso/jusoPopup2.jsp HTTP/1.1" 200 1580
127.0.0.1 - - [02/Jun/2020:17:30:24 +0800] "GET / HTTP/1.1" 404 807
0:0:0:0:0:0:0:1 - - [02/Jun/2020:17:30:25 +0800] "GET /blog/user/join.jsp HTTP/1.1" 200 3918
0:0:0:0:0:0:0:1 - - [02/Jun/2020:17:30:28 +0800] "GET /blog/juso/jusoPopup2.jsp HTTP/1.1" 200 1511
127.0.0.1 - - [02/Jun/2020:17:30:56 +0800] "GET / HTTP/1.1" 404 807
0:0:0:0:0:0:0:1 - - [02/Jun/2020:17:30:57 +0800] "GET /blog/user/join.jsp HTTP/1.1" 200 3918
0:0:0:0:0:0:0:1 - - [02/Jun/2020:17:30:59 +0800] "GET /blog/juso/jusoPopup2.jsp HTTP/1.1" 200 1496
127.0.0.1 - - [02/Jun/2020:17:32:19 +0800] "GET / HTTP/1.1" 404 807
0:0:0:0:0:0:0:1 - - [02/Jun/2020:17:32:20 +0800] "GET /blog/juso/jusoPopup2.jsp HTTP/1.1" 200 1496
0:0:0:0:0:0:0:1 - - [02/Jun/2020:17:32:35 +0800] "GET /blog/juso/jusoPopup2.jsp HTTP/1.1" 200 1496
127.0.0.1 - - [02/Jun/2020:17:32:59 +0800] "GET / HTTP/1.1" 404 807
0:0:0:0:0:0:0:1 - - [02/Jun/2020:17:32:59 +0800] "GET /blog/user/join.jsp HTTP/1.1" 200 3918
0:0:0:0:0:0:0:1 - - [02/Jun/2020:17:33:02 +0800] "GET /blog/juso/jusoPopup2.jsp HTTP/1.1" 200 1543
0:0:0:0:0:0:0:1 - - [02/Jun/2020:17:33:12 +0800] "POST /blog/juso/jusoPopup.jsp HTTP/1.1" 200 1442
127.0.0.1 - - [02/Jun/2020:17:34:26 +0800] "GET / HTTP/1.1" 404 807
0:0:0:0:0:0:0:1 - - [02/Jun/2020:17:34:26 +0800] "GET /blog/user/join.jsp HTTP/1.1" 200 3918
0:0:0:0:0:0:0:1 - - [02/Jun/2020:17:34:29 +0800] "GET /blog/juso/jusoPopup2.jsp HTTP/1.1" 200 1068
127.0.0.1 - - [02/Jun/2020:17:34:57 +0800] "GET / HTTP/1.1" 404 807
0:0:0:0:0:0:0:1 - - [02/Jun/2020:17:34:58 +0800] "GET /blog/user/join.jsp HTTP/1.1" 200 3918
0:0:0:0:0:0:0:1 - - [02/Jun/2020:17:35:01 +0800] "GET /blog/juso/jusoPopup2.jsp HTTP/1.1" 200 1068
127.0.0.1 - - [02/Jun/2020:17:35:43 +0800] "GET / HTTP/1.1" 404 807
0:0:0:0:0:0:0:1 - - [02/Jun/2020:17:35:43 +0800] "GET /blog/user/join.jsp HTTP/1.1" 200 3918
0:0:0:0:0:0:0:1 - - [02/Jun/2020:17:35:46 +0800] "GET /blog/juso/jusoPopup2.jsp HTTP/1.1" 200 946
127.0.0.1 - - [02/Jun/2020:17:36:01 +0800] "GET / HTTP/1.1" 404 807
0:0:0:0:0:0:0:1 - - [02/Jun/2020:17:36:01 +0800] "GET /blog/user/join.jsp HTTP/1.1" 200 3918
0:0:0:0:0:0:0:1 - - [02/Jun/2020:17:36:03 +0800] "GET /blog/juso/jusoPopup2.jsp HTTP/1.1" 200 946
0:0:0:0:0:0:0:1 - - [02/Jun/2020:17:36:15 +0800] "POST /blog/juso/jusoPopup.jsp HTTP/1.1" 200 1438
127.0.0.1 - - [02/Jun/2020:17:36:38 +0800] "GET / HTTP/1.1" 404 807
0:0:0:0:0:0:0:1 - - [02/Jun/2020:17:36:38 +0800] "GET /blog/user/join.jsp HTTP/1.1" 200 3918
0:0:0:0:0:0:0:1 - - [02/Jun/2020:17:36:41 +0800] "GET /blog/juso/jusoPopup2.jsp HTTP/1.1" 200 946
0:0:0:0:0:0:0:1 - - [02/Jun/2020:17:36:52 +0800] "POST /blog/juso/jusoPopup.jsp HTTP/1.1" 200 1439
127.0.0.1 - - [02/Jun/2020:17:38:06 +0800] "GET / HTTP/1.1" 404 807
0:0:0:0:0:0:0:1 - - [02/Jun/2020:17:38:07 +0800] "GET /blog/user/join.jsp HTTP/1.1" 200 3918
0:0:0:0:0:0:0:1 - - [02/Jun/2020:17:38:10 +0800] "GET /blog/juso/jusoPopup2.jsp HTTP/1.1" 200 925
127.0.0.1 - - [02/Jun/2020:17:39:38 +0800] "GET / HTTP/1.1" 404 807
0:0:0:0:0:0:0:1 - - [02/Jun/2020:17:39:38 +0800] "GET /blog/user/join.jsp HTTP/1.1" 200 3918
0:0:0:0:0:0:0:1 - - [02/Jun/2020:17:39:40 +0800] "GET /blog/juso/jusoPopup2.jsp HTTP/1.1" 200 986
127.0.0.1 - - [02/Jun/2020:17:40:37 +0800] "GET / HTTP/1.1" 404 807
0:0:0:0:0:0:0:1 - - [02/Jun/2020:17:40:38 +0800] "GET /blog/juso/jusoPopup.jsp HTTP/1.1" 200 1378
127.0.0.1 - - [02/Jun/2020:17:41:25 +0800] "GET / HTTP/1.1" 404 807
0:0:0:0:0:0:0:1 - - [02/Jun/2020:17:41:26 +0800] "GET /blog/test/AjaxRequestTest.jsp HTTP/1.1" 200 1173
0:0:0:0:0:0:0:1 - - [02/Jun/2020:17:41:27 +0800] "GET /favicon.ico HTTP/1.1" 404 818
0:0:0:0:0:0:0:1 - - [02/Jun/2020:17:41:28 +0800] "POST /blog/test/AjaxResponseTest.jsp HTTP/1.1" 200 4
0:0:0:0:0:0:0:1 - - [02/Jun/2020:17:41:30 +0800] "POST /blog/test/AjaxResponseTest.jsp HTTP/1.1" 200 4
0:0:0:0:0:0:0:1 - - [02/Jun/2020:17:41:30 +0800] "POST /blog/test/AjaxResponseTest.jsp HTTP/1.1" 200 4
0:0:0:0:0:0:0:1 - - [02/Jun/2020:17:41:30 +0800] "POST /blog/test/AjaxResponseTest.jsp HTTP/1.1" 200 4
0:0:0:0:0:0:0:1 - - [02/Jun/2020:17:41:30 +0800] "POST /blog/test/AjaxResponseTest.jsp HTTP/1.1" 200 4
0:0:0:0:0:0:0:1 - - [02/Jun/2020:17:41:33 +0800] "POST /blog/test/AjaxResponseTest.jsp HTTP/1.1" 200 4
0:0:0:0:0:0:0:1 - - [02/Jun/2020:17:41:33 +0800] "POST /blog/test/AjaxResponseTest.jsp HTTP/1.1" 200 4
0:0:0:0:0:0:0:1 - - [02/Jun/2020:17:41:33 +0800] "POST /blog/test/AjaxResponseTest.jsp HTTP/1.1" 200 4
127.0.0.1 - - [02/Jun/2020:17:46:09 +0800] "GET / HTTP/1.1" 404 807
0:0:0:0:0:0:0:1 - - [02/Jun/2020:17:46:10 +0800] "GET /blog/index.jsp HTTP/1.1" 302 -
0:0:0:0:0:0:0:1 - - [02/Jun/2020:17:46:10 +0800] "GET /blog/board?cmd=home HTTP/1.1" 200 2856
0:0:0:0:0:0:0:1 - - [02/Jun/2020:17:46:11 +0800] "GET /blog/user?cmd=join HTTP/1.1" 500 3918
0:0:0:0:0:0:0:1 - - [02/Jun/2020:17:46:15 +0800] "GET /blog/juso/jusoPopup2.jsp HTTP/1.1" 200 949
0:0:0:0:0:0:0:1 - - [02/Jun/2020:17:46:28 +0800] "POST /blog/juso/jusoPopup.jsp HTTP/1.1" 200 1427
127.0.0.1 - - [02/Jun/2020:17:48:08 +0800] "GET / HTTP/1.1" 404 807
0:0:0:0:0:0:0:1 - - [02/Jun/2020:17:48:10 +0800] "GET /blog/user/join.jsp HTTP/1.1" 200 3917
0:0:0:0:0:0:0:1 - - [02/Jun/2020:17:48:11 +0800] "GET /blog/juso/jusoPopup.jsp HTTP/1.1" 200 1394
0:0:0:0:0:0:0:1 - - [02/Jun/2020:17:48:20 +0800] "POST /blog/juso/jusoPopup.jsp HTTP/1.1" 200 1437
127.0.0.1 - - [02/Jun/2020:17:49:42 +0800] "GET / HTTP/1.1" 404 807
0:0:0:0:0:0:0:1 - - [02/Jun/2020:17:49:43 +0800] "GET /blog/user/join.jsp HTTP/1.1" 200 3917
0:0:0:0:0:0:0:1 - - [02/Jun/2020:17:49:47 +0800] "GET /blog/juso/jusoPopup.jsp HTTP/1.1" 200 1347
0:0:0:0:0:0:0:1 - - [02/Jun/2020:17:49:54 +0800] "POST /blog/juso/jusoPopup.jsp HTTP/1.1" 200 1341
127.0.0.1 - - [02/Jun/2020:17:50:15 +0800] "GET / HTTP/1.1" 404 807
0:0:0:0:0:0:0:1 - - [02/Jun/2020:17:50:16 +0800] "GET /blog/juso/jusoPopup.jsp HTTP/1.1" 200 1347
0:0:0:0:0:0:0:1 - - [02/Jun/2020:17:50:29 +0800] "POST /blog/juso/jusoPopup.jsp HTTP/1.1" 200 1341
127.0.0.1 - - [02/Jun/2020:19:17:39 +0800] "GET / HTTP/1.1" 404 807
0:0:0:0:0:0:0:1 - - [02/Jun/2020:19:17:40 +0800] "GET /blog/test/AjaxRequestTest2.jsp HTTP/1.1" 200 1118
127.0.0.1 - - [02/Jun/2020:19:19:32 +0800] "GET / HTTP/1.1" 404 807
0:0:0:0:0:0:0:1 - - [02/Jun/2020:19:19:33 +0800] "GET /blog/test/AjaxRequestTest2.jsp HTTP/1.1" 200 1061
127.0.0.1 - - [02/Jun/2020:19:20:36 +0800] "GET / HTTP/1.1" 404 807
0:0:0:0:0:0:0:1 - - [02/Jun/2020:19:20:37 +0800] "GET /blog/test/AjaxRequestTest2.jsp HTTP/1.1" 200 1058
127.0.0.1 - - [02/Jun/2020:19:21:59 +0800] "GET / HTTP/1.1" 404 807
0:0:0:0:0:0:0:1 - - [02/Jun/2020:19:22:01 +0800] "GET /blog/test/AjaxRequestTest2.jsp HTTP/1.1" 200 1180
127.0.0.1 - - [02/Jun/2020:19:23:38 +0800] "GET / HTTP/1.1" 404 807
0:0:0:0:0:0:0:1 - - [02/Jun/2020:19:23:39 +0800] "GET /blog/test/AjaxRequestTest2.jsp HTTP/1.1" 200 1175
127.0.0.1 - - [02/Jun/2020:19:24:00 +0800] "GET / HTTP/1.1" 404 807
0:0:0:0:0:0:0:1 - - [02/Jun/2020:19:24:01 +0800] "GET /blog/test/AjaxRequestTest.jsp HTTP/1.1" 200 1274
0:0:0:0:0:0:0:1 - - [02/Jun/2020:19:24:03 +0800] "POST /blog/test/AjaxResponseTest.jsp HTTP/1.1" 200 4
0:0:0:0:0:0:0:1 - - [02/Jun/2020:19:24:11 +0800] "POST /blog/test/AjaxResponseTest.jsp HTTP/1.1" 200 4
0:0:0:0:0:0:0:1 - - [02/Jun/2020:19:24:13 +0800] "POST /blog/test/AjaxResponseTest.jsp HTTP/1.1" 200 4
0:0:0:0:0:0:0:1 - - [02/Jun/2020:19:24:13 +0800] "POST /blog/test/AjaxResponseTest.jsp HTTP/1.1" 200 4
0:0:0:0:0:0:0:1 - - [02/Jun/2020:19:24:13 +0800] "POST /blog/test/AjaxResponseTest.jsp HTTP/1.1" 200 4
0:0:0:0:0:0:0:1 - - [02/Jun/2020:19:24:14 +0800] "POST /blog/test/AjaxResponseTest.jsp HTTP/1.1" 200 4
0:0:0:0:0:0:0:1 - - [02/Jun/2020:19:24:14 +0800] "POST /blog/test/AjaxResponseTest.jsp HTTP/1.1" 200 4
0:0:0:0:0:0:0:1 - - [02/Jun/2020:19:24:14 +0800] "POST /blog/test/AjaxResponseTest.jsp HTTP/1.1" 200 4
0:0:0:0:0:0:0:1 - - [02/Jun/2020:19:24:14 +0800] "POST /blog/test/AjaxResponseTest.jsp HTTP/1.1" 200 4
0:0:0:0:0:0:0:1 - - [02/Jun/2020:19:24:14 +0800] "POST /blog/test/AjaxResponseTest.jsp HTTP/1.1" 200 4
0:0:0:0:0:0:0:1 - - [02/Jun/2020:19:24:15 +0800] "POST /blog/test/AjaxResponseTest.jsp HTTP/1.1" 200 4
0:0:0:0:0:0:0:1 - - [02/Jun/2020:19:24:15 +0800] "POST /blog/test/AjaxResponseTest.jsp HTTP/1.1" 200 4
0:0:0:0:0:0:0:1 - - [02/Jun/2020:19:24:15 +0800] "POST /blog/test/AjaxResponseTest.jsp HTTP/1.1" 200 4
0:0:0:0:0:0:0:1 - - [02/Jun/2020:19:24:16 +0800] "POST /blog/test/AjaxResponseTest.jsp HTTP/1.1" 200 4
0:0:0:0:0:0:0:1 - - [02/Jun/2020:19:24:16 +0800] "POST /blog/test/AjaxResponseTest.jsp HTTP/1.1" 200 4
0:0:0:0:0:0:0:1 - - [02/Jun/2020:19:24:16 +0800] "POST /blog/test/AjaxResponseTest.jsp HTTP/1.1" 200 4
0:0:0:0:0:0:0:1 - - [02/Jun/2020:19:24:16 +0800] "POST /blog/test/AjaxResponseTest.jsp HTTP/1.1" 200 4
0:0:0:0:0:0:0:1 - - [02/Jun/2020:19:24:17 +0800] "POST /blog/test/AjaxResponseTest.jsp HTTP/1.1" 200 4
127.0.0.1 - - [02/Jun/2020:19:24:57 +0800] "GET / HTTP/1.1" 404 807
0:0:0:0:0:0:0:1 - - [02/Jun/2020:19:24:59 +0800] "GET /blog/test/AjaxRequestTest2.jsp HTTP/1.1" 200 1178
127.0.0.1 - - [02/Jun/2020:19:26:16 +0800] "GET / HTTP/1.1" 404 807
0:0:0:0:0:0:0:1 - - [02/Jun/2020:19:26:18 +0800] "GET /blog/test/AjaxRequestTest2.jsp HTTP/1.1" 200 1206
127.0.0.1 - - [02/Jun/2020:19:27:49 +0800] "GET / HTTP/1.1" 404 807
0:0:0:0:0:0:0:1 - - [02/Jun/2020:19:27:50 +0800] "GET /blog/test/AjaxRequestTest2.jsp HTTP/1.1" 200 1194
127.0.0.1 - - [02/Jun/2020:19:30:23 +0800] "GET / HTTP/1.1" 404 807
0:0:0:0:0:0:0:1 - - [02/Jun/2020:19:30:25 +0800] "GET /blog/test/AjaxRequestTest2.jsp HTTP/1.1" 200 890
127.0.0.1 - - [02/Jun/2020:19:30:43 +0800] "GET / HTTP/1.1" 404 807
0:0:0:0:0:0:0:1 - - [02/Jun/2020:19:30:44 +0800] "GET /blog/test/AjaxRequestTest2.jsp HTTP/1.1" 200 1203
127.0.0.1 - - [02/Jun/2020:19:31:08 +0800] "GET / HTTP/1.1" 404 807
0:0:0:0:0:0:0:1 - - [02/Jun/2020:19:31:10 +0800] "GET /blog/test/AjaxRequestTest2.jsp HTTP/1.1" 200 1275
0:0:0:0:0:0:0:1 - - [02/Jun/2020:19:31:12 +0800] "POST /blog/test/AjaxResponseTest2.jsp HTTP/1.1" 200 4
0:0:0:0:0:0:0:1 - - [02/Jun/2020:19:31:16 +0800] "POST /blog/test/AjaxResponseTest2.jsp HTTP/1.1" 200 4
0:0:0:0:0:0:0:1 - - [02/Jun/2020:19:31:16 +0800] "POST /blog/test/AjaxResponseTest2.jsp HTTP/1.1" 200 4
0:0:0:0:0:0:0:1 - - [02/Jun/2020:19:31:16 +0800] "POST /blog/test/AjaxResponseTest2.jsp HTTP/1.1" 200 4
0:0:0:0:0:0:0:1 - - [02/Jun/2020:19:31:17 +0800] "POST /blog/test/AjaxResponseTest2.jsp HTTP/1.1" 200 4
0:0:0:0:0:0:0:1 - - [02/Jun/2020:19:31:17 +0800] "POST /blog/test/AjaxResponseTest2.jsp HTTP/1.1" 200 4
0:0:0:0:0:0:0:1 - - [02/Jun/2020:19:31:17 +0800] "POST /blog/test/AjaxResponseTest2.jsp HTTP/1.1" 200 4
0:0:0:0:0:0:0:1 - - [02/Jun/2020:19:31:17 +0800] "POST /blog/test/AjaxResponseTest2.jsp HTTP/1.1" 200 4
0:0:0:0:0:0:0:1 - - [02/Jun/2020:19:31:17 +0800] "POST /blog/test/AjaxResponseTest2.jsp HTTP/1.1" 200 4
0:0:0:0:0:0:0:1 - - [02/Jun/2020:19:31:18 +0800] "POST /blog/test/AjaxResponseTest2.jsp HTTP/1.1" 200 4
0:0:0:0:0:0:0:1 - - [02/Jun/2020:19:31:18 +0800] "POST /blog/test/AjaxResponseTest2.jsp HTTP/1.1" 200 4
0:0:0:0:0:0:0:1 - - [02/Jun/2020:19:31:18 +0800] "POST /blog/test/AjaxResponseTest2.jsp HTTP/1.1" 200 4
0:0:0:0:0:0:0:1 - - [02/Jun/2020:19:31:18 +0800] "POST /blog/test/AjaxResponseTest2.jsp HTTP/1.1" 200 4
0:0:0:0:0:0:0:1 - - [02/Jun/2020:19:31:18 +0800] "POST /blog/test/AjaxResponseTest2.jsp HTTP/1.1" 200 4
0:0:0:0:0:0:0:1 - - [02/Jun/2020:19:31:19 +0800] "POST /blog/test/AjaxResponseTest2.jsp HTTP/1.1" 200 4
127.0.0.1 - - [02/Jun/2020:19:31:52 +0800] "GET / HTTP/1.1" 404 807
0:0:0:0:0:0:0:1 - - [02/Jun/2020:19:31:52 +0800] "GET /blog/test/AjaxResponseTest2.jsp HTTP/1.1" 200 4
127.0.0.1 - - [02/Jun/2020:19:32:39 +0800] "GET / HTTP/1.1" 404 807
0:0:0:0:0:0:0:1 - - [02/Jun/2020:19:32:40 +0800] "GET /blog/test/AjaxRequestTest2.jsp HTTP/1.1" 200 1209
127.0.0.1 - - [02/Jun/2020:19:34:07 +0800] "GET / HTTP/1.1" 404 807
0:0:0:0:0:0:0:1 - - [02/Jun/2020:19:34:08 +0800] "GET /blog/test/AjaxRequestTest2.jsp HTTP/1.1" 200 1216
127.0.0.1 - - [02/Jun/2020:19:35:40 +0800] "GET / HTTP/1.1" 404 807
0:0:0:0:0:0:0:1 - - [02/Jun/2020:19:35:41 +0800] "GET /blog/test/AjaxRequestTest2.jsp HTTP/1.1" 200 1237
